INFO:     Started server process [4148]
INFO:     Waiting for application startup.
--- Logging error ---
Traceback (most recent call last):
  File "C:\Users\works\AppData\Roaming\uv\python\cpython-3.11-windows-x86_64-none\Lib\logging\__init__.py", line 1113, in emit
    stream.write(msg + self.terminator)
  File "C:\Users\works\AppData\Roaming\uv\python\cpython-3.11-windows-x86_64-none\Lib\encodings\cp1252.py", line 19, in encode
    return codecs.charmap_encode(input,self.errors,encoding_table)[0]
           ^^^^^^^^^^^^^^^^^^^^^^^^^^^^^^^^^^^^^^^^^^^^^^^^^^^^^^^
UnicodeEncodeError: 'charmap' codec can't encode character '\u0110' in position 44: character maps to <undefined>
Call stack:
  File "<frozen runpy>", line 198, in _run_module_as_main
  File "<frozen runpy>", line 88, in _run_code
  File "C:\Users\works\AppData\Local\hermes\hermes-agent\venv\Lib\site-packages\uvicorn\__main__.py", line 4, in <module>
    uvicorn.main()
  File "C:\Users\works\AppData\Local\hermes\hermes-agent\venv\Lib\site-packages\click\core.py", line 1485, in __call__
    return self.main(*args, **kwargs)
  File "C:\Users\works\AppData\Local\hermes\hermes-agent\venv\Lib\site-packages\click\core.py", line 1406, in main
    rv = self.invoke(ctx)
  File "C:\Users\works\AppData\Local\hermes\hermes-agent\venv\Lib\site-packages\click\core.py", line 1269, in invoke
    return ctx.invoke(self.callback, **ctx.params)
  File "C:\Users\works\AppData\Local\hermes\hermes-agent\venv\Lib\site-packages\click\core.py", line 824, in invoke
    return callback(*args, **kwargs)
  File "C:\Users\works\AppData\Local\hermes\hermes-agent\venv\Lib\site-packages\uvicorn\main.py", line 433, in main
    run(
  File "C:\Users\works\AppData\Local\hermes\hermes-agent\venv\Lib\site-packages\uvicorn\main.py", line 606, in run
    server.run()
  File "C:\Users\works\AppData\Local\hermes\hermes-agent\venv\Lib\site-packages\uvicorn\server.py", line 75, in run
    return asyncio_run(self.serve(sockets=sockets), loop_factory=self.config.get_loop_factory())
  File "C:\Users\works\AppData\Local\hermes\hermes-agent\venv\Lib\site-packages\uvicorn\_compat.py", line 30, in asyncio_run
    return runner.run(main)
  File "C:\Users\works\AppData\Roaming\uv\python\cpython-3.11-windows-x86_64-none\Lib\asyncio\runners.py", line 118, in run
    return self._loop.run_until_complete(task)
  File "C:\Users\works\AppData\Roaming\uv\python\cpython-3.11-windows-x86_64-none\Lib\asyncio\base_events.py", line 641, in run_until_complete
    self.run_forever()
  File "C:\Users\works\AppData\Roaming\uv\python\cpython-3.11-windows-x86_64-none\Lib\asyncio\windows_events.py", line 321, in run_forever
    super().run_forever()
  File "C:\Users\works\AppData\Roaming\uv\python\cpython-3.11-windows-x86_64-none\Lib\asyncio\base_events.py", line 608, in run_forever
    self._run_once()
  File "C:\Users\works\AppData\Roaming\uv\python\cpython-3.11-windows-x86_64-none\Lib\asyncio\base_events.py", line 1936, in _run_once
    handle._run()
  File "C:\Users\works\AppData\Roaming\uv\python\cpython-3.11-windows-x86_64-none\Lib\asyncio\events.py", line 84, in _run
    self._context.run(self._callback, *self._args)
  File "C:\Users\works\AppData\Local\hermes\hermes-agent\venv\Lib\site-packages\uvicorn\lifespan\on.py", line 86, in main
    await app(scope, self.receive, self.send)
  File "C:\Users\works\AppData\Local\hermes\hermes-agent\venv\Lib\site-packages\uvicorn\middleware\proxy_headers.py", line 29, in __call__
    return await self.app(scope, receive, send)
  File "C:\Users\works\AppData\Local\hermes\hermes-agent\venv\Lib\site-packages\fastapi\applications.py", line 1160, in __call__
    await super().__call__(scope, receive, send)
  File "C:\Users\works\AppData\Local\hermes\hermes-agent\venv\Lib\site-packages\starlette\applications.py", line 90, in __call__
    await self.middleware_stack(scope, receive, send)
  File "C:\Users\works\AppData\Local\hermes\hermes-agent\venv\Lib\site-packages\starlette\middleware\errors.py", line 151, in __call__
    await self.app(scope, receive, send)
  File "C:\Users\works\AppData\Local\hermes\hermes-agent\venv\Lib\site-packages\starlette\middleware\cors.py", line 80, in __call__
    await self.app(scope, receive, send)
  File "C:\Users\works\AppData\Local\hermes\hermes-agent\venv\Lib\site-packages\starlette\middleware\exceptions.py", line 49, in __call__
    await self.app(scope, receive, send)
  File "C:\Users\works\AppData\Local\hermes\hermes-agent\venv\Lib\site-packages\fastapi\middleware\asyncexitstack.py", line 18, in __call__
    await self.app(scope, receive, send)
  File "C:\Users\works\AppData\Local\hermes\hermes-agent\venv\Lib\site-packages\starlette\routing.py", line 660, in __call__
    await self.middleware_stack(scope, receive, send)
  File "C:\Users\works\AppData\Local\hermes\hermes-agent\venv\Lib\site-packages\starlette\routing.py", line 669, in app
    await self.lifespan(scope, receive, send)
  File "C:\Users\works\AppData\Local\hermes\hermes-agent\venv\Lib\site-packages\starlette\routing.py", line 638, in lifespan
    async with self.lifespan_context(app) as maybe_state:
  File "C:\Users\works\AppData\Roaming\uv\python\cpython-3.11-windows-x86_64-none\Lib\contextlib.py", line 210, in __aenter__
    return await anext(self.gen)
  File "C:\Users\works\AppData\Local\hermes\hermes-agent\venv\Lib\site-packages\fastapi\routing.py", line 201, in merged_lifespan
    async with original_context(app) as maybe_original_state:
  File "C:\Users\works\AppData\Roaming\uv\python\cpython-3.11-windows-x86_64-none\Lib\contextlib.py", line 210, in __aenter__
    return await anext(self.gen)
  File "C:\Users\works\AppData\Local\hermes\hermes-agent\venv\Lib\site-packages\fastapi\routing.py", line 201, in merged_lifespan
    async with original_context(app) as maybe_original_state:
  File "C:\Users\works\AppData\Roaming\uv\python\cpython-3.11-windows-x86_64-none\Lib\contextlib.py", line 210, in __aenter__
    return await anext(self.gen)
  File "C:\Users\works\AppData\Local\hermes\hermes-agent\venv\Lib\site-packages\fastapi\routing.py", line 201, in merged_lifespan
    async with original_context(app) as maybe_original_state:
  File "C:\Users\works\AppData\Roaming\uv\python\cpython-3.11-windows-x86_64-none\Lib\contextlib.py", line 210, in __aenter__
    return await anext(self.gen)
  File "C:\Users\works\AppData\Local\hermes\hermes-agent\venv\Lib\site-packages\fastapi\routing.py", line 201, in merged_lifespan
    async with original_context(app) as maybe_original_state:
  File "C:\Users\works\AppData\Roaming\uv\python\cpython-3.11-windows-x86_64-none\Lib\contextlib.py", line 210, in __aenter__
    return await anext(self.gen)
  File "C:\Users\works\AppData\Local\hermes\hermes-agent\venv\Lib\site-packages\fastapi\routing.py", line 201, in merged_lifespan
    async with original_context(app) as maybe_original_state:
  File "C:\Users\works\AppData\Roaming\uv\python\cpython-3.11-windows-x86_64-none\Lib\contextlib.py", line 210, in __aenter__
    return await anext(self.gen)
  File "C:\Users\works\AppData\Local\hermes\hermes-agent\venv\Lib\site-packages\fastapi\routing.py", line 201, in merged_lifespan
    async with original_context(app) as maybe_original_state:
  File "C:\Users\works\AppData\Roaming\uv\python\cpython-3.11-windows-x86_64-none\Lib\contextlib.py", line 210, in __aenter__
    return await anext(self.gen)
  File "C:\Users\works\AppData\Local\hermes\hermes-agent\venv\Lib\site-packages\fastapi\routing.py", line 201, in merged_lifespan
    async with original_context(app) as maybe_original_state:
  File "C:\Users\works\AppData\Roaming\uv\python\cpython-3.11-windows-x86_64-none\Lib\contextlib.py", line 210, in __aenter__
    return await anext(self.gen)
  File "C:\Users\works\AppData\Local\hermes\hermes-agent\venv\Lib\site-packages\fastapi\routing.py", line 201, in merged_lifespan
    async with original_context(app) as maybe_original_state:
  File "C:\Users\works\AppData\Roaming\uv\python\cpython-3.11-windows-x86_64-none\Lib\contextlib.py", line 210, in __aenter__
    return await anext(self.gen)
  File "D:\all_my_project\viu-auto-studio\viu-auto-studio\backend\main.py", line 57, in lifespan
    logging.getLogger("viu.startup").info("\u0110ã d\u1ecdn TTS: %s preview, %s cache", tts_cleanup["preview_removed"], tts_cleanup["cache_removed"])
Message: '\u0110ã d\u1ecdn TTS: %s preview, %s cache'
Arguments: (1, 0)
INFO:     Application startup complete.
INFO:     Uvicorn running on http://127.0.0.1:50999 (Press CTRL+C to quit)
